<?xml version="1.0" encoding="utf-8"?><testsuites><testsuite name="pytest" errors="0" failures="1" skipped="18" tests="46" time="0.212" timestamp="2026-09-02T07:05:16.393596+00:00" hostname="26dd79a6425e"><testcase classname="tests.contract.test_openapi_contract" name="test_documented_integration_update_route_exists" file="tests/contract/test_openapi_contract.py" line="32" time="0.003"><skipped type="pytest.xfail" message="BUG-011: documented integration PUT path does not exist at runtime" /></testcase><testcase classname="tests.contract.test_openapi_contract" name="test_asset_path_id_schema_matches_runtime" file="tests/contract/test_openapi_contract.py" line="45" time="0.005"><skipped type="pytest.xfail" message="BUG-012: asset ID is documented as integer but runtime uses UUID strings" /></testcase><testcase classname="tests.contract.test_openapi_contract" name="test_create_status_is_documented[integrations-payload0-integration]" file="tests/contract/test_openapi_contract.py" line="61" time="0.001"><skipped type="pytest.xfail" message="BUG-013: create returns undocumented 201 instead of documented 200" /></testcase><testcase classname="tests.contract.test_openapi_contract" name="test_create_status_is_documented[assets-None-asset]" file="tests/contract/test_openapi_contract.py" line="61" time="0.002"><skipped type="pytest.xfail" message="BUG-013: create returns undocumented 201 instead of documented 200" /></testcase><testcase classname="tests.contract.test_openapi_contract" name="test_empty_integration_collection_matches_array_schema" file="tests/contract/test_openapi_contract.py" line="95" time="0.002"><skipped type="pytest.xfail" message="BUG-014: empty collection is JSON null instead of an array" /></testcase><testcase classname="tests.contract.test_openapi_contract" name="test_error_body_matches_documented_schema" file="tests/contract/test_openapi_contract.py" line="106" time="0.001"><skipped type="pytest.xfail" message="BUG-015: runtime error body does not match HTTPError schema" /></testcase><testcase classname="tests.contract.test_openapi_contract" name="test_basic_authentication_is_documented" file="tests/contract/test_openapi_contract.py" line="118" time="0.000"><skipped type="pytest.xfail" message="BUG-016: Swagger omits enforced Basic authentication and some 401 responses" /></testcase><testcase classname="tests.contract.test_openapi_contract" name="test_duplicate_integration_status_is_documented" file="tests/contract/test_openapi_contract.py" line="131" time="0.002"><skipped type="pytest.xfail" message="BUG-017: integration duplicate 409 response is undocumented" /></testcase><testcase classname="tests.contract.test_openapi_contract" name="test_integration_success_responses_match_live_schemas" file="tests/contract/test_openapi_contract.py" line="147" time="0.003" /><testcase classname="tests.contract.test_openapi_contract" name="test_asset_success_responses_match_live_schemas" file="tests/contract/test_openapi_contract.py" line="165" time="0.005" /><testcase classname="tests.functional.test_assets" name="test_create_and_get_asset" file="tests/functional/test_assets.py" line="6" time="0.002" /><testcase classname="tests.functional.test_assets" name="test_patch_asset_persists" file="tests/functional/test_assets.py" line="17" time="0.003" /><testcase classname="tests.functional.test_assets" name="test_list_assets_by_integration" file="tests/functional/test_assets.py" line="32" time="0.003" /><testcase classname="tests.functional.test_assets" name="test_delete_asset" file="tests/functional/test_assets.py" line="42" time="0.003" /><testcase classname="tests.functional.test_integrations" name="test_create_and_get_integration" file="tests/functional/test_integrations.py" line="6" time="0.002" /><testcase classname="tests.functional.test_integrations" name="test_update_integration_persists" file="tests/functional/test_integrations.py" line="15" time="0.003"><skipped type="pytest.xfail" message="BUG-009: integration PUT is a successful no-op" /></testcase><testcase classname="tests.functional.test_integrations" name="test_delete_integration" file="tests/functional/test_integrations.py" line="30" time="0.002" /><testcase classname="tests.functional.test_integrations" name="test_integration_pagination" file="tests/functional/test_integrations.py" line="40" time="0.006"><failure message="AssertionError: assert False&#10; +  where False = &lt;built-in method isdisjoint of set object at 0xe562dbe3da80&gt;({'8bae7ba8-3c24-4756-9bc8-1e40052d22a5', 'a755f936-c186-4b1a-83da-91877851cd2b'})&#10; +    where &lt;built-in method isdisjoint of set object at 0xe562dbe3da80&gt; = {'8bae7ba8-3c24-4756-9bc8-1e40052d22a5', 'a755f936-c186-4b1a-83da-91877851cd2b'}.isdisjoint">user1_client = &lt;tests.api_client.ApiClient object at 0xe562dc2626f0&gt;, integration_factory = &lt;function integration_factory.&lt;locals&gt;.create at 0xe562dbc99f80&gt;

    def test_integration_pagination(user1_client, integration_factory):
        created = [integration_factory(user1_client) for _ in range(4)]
        page_one = user1_client.get("integrations", params={"page": 1, "limit": 2})
        page_two = user1_client.get("integrations", params={"page": 2, "limit": 2})
        full_list = user1_client.get("integrations")
    
        assert page_one.status_code == page_two.status_code == 200
        assert len(page_one.json()) == len(page_two.json()) == 2
        page_one_ids = {item["id"] for item in page_one.json()}
        page_two_ids = {item["id"] for item in page_two.json()}
&gt;       assert page_one_ids.isdisjoint(page_two_ids)
E       AssertionError: assert False
E        +  where False = &lt;built-in method isdisjoint of set object at 0xe562dbe3da80&gt;({'8bae7ba8-3c24-4756-9bc8-1e40052d22a5', 'a755f936-c186-4b1a-83da-91877851cd2b'})
E        +    where &lt;built-in method isdisjoint of set object at 0xe562dbe3da80&gt; = {'8bae7ba8-3c24-4756-9bc8-1e40052d22a5', 'a755f936-c186-4b1a-83da-91877851cd2b'}.isdisjoint

tests/functional/test_integrations.py:51: AssertionError</failure></testcase><testcase classname="tests.functional.test_integrations" name="test_delete_integration_with_asset_has_consistent_result" file="tests/functional/test_integrations.py" line="56" time="0.003" /><testcase classname="tests.security.test_authentication" name="test_supplied_users_authenticate[user1_client]" file="tests/security/test_authentication.py" line="10" time="0.001" /><testcase classname="tests.security.test_authentication" name="test_supplied_users_authenticate[user2_client]" file="tests/security/test_authentication.py" line="10" time="0.001" /><testcase classname="tests.security.test_authentication" name="test_missing_credentials_are_rejected[integrations]" file="tests/security/test_authentication.py" line="16" time="0.001" /><testcase classname="tests.security.test_authentication" name="test_missing_credentials_are_rejected[assets?integrationId=unknown]" file="tests/security/test_authentication.py" line="16" time="0.001" /><testcase classname="tests.security.test_authentication" name="test_invalid_credentials_are_rejected[wrong_password]" file="tests/security/test_authentication.py" line="24" time="0.001" /><testcase classname="tests.security.test_authentication" name="test_invalid_credentials_are_rejected[unknown_user]" file="tests/security/test_authentication.py" line="24" time="0.001" /><testcase classname="tests.security.test_authentication" name="test_invalid_credentials_are_rejected[empty]" file="tests/security/test_authentication.py" line="24" time="0.001" /><testcase classname="tests.security.test_authentication" name="test_invalid_credentials_are_rejected[empty_password]" file="tests/security/test_authentication.py" line="24" time="0.001" /><testcase classname="tests.security.test_authentication" name="test_malformed_authorization_is_rejected[Basic !!!not-base64!!!]" file="tests/security/test_authentication.py" line="39" time="0.001" /><testcase classname="tests.security.test_authentication" name="test_malformed_authorization_is_rejected[Bearer token]" file="tests/security/test_authentication.py" line="39" time="0.001" /><testcase classname="tests.security.test_authentication" name="test_basic_credentials_without_password_are_rejected" file="tests/security/test_authentication.py" line="48" time="0.001" /><testcase classname="tests.security.test_tenant_isolation" name="test_integration_collections_are_tenant_scoped" file="tests/security/test_tenant_isolation.py" line="8" time="0.003"><skipped type="pytest.xfail" message="BUG-001: integration collection leaks all tenants" /></testcase><testcase classname="tests.security.test_tenant_isolation" name="test_other_tenant_cannot_get_integration" file="tests/security/test_tenant_isolation.py" line="25" time="0.002"><skipped type="pytest.xfail" message="BUG-002: cross-tenant integration GET is allowed" /></testcase><testcase classname="tests.security.test_tenant_isolation" name="test_other_tenant_cannot_update_integration" file="tests/security/test_tenant_isolation.py" line="35" time="0.002"><skipped type="pytest.xfail" message="BUG-003: cross-tenant integration update is accepted" /></testcase><testcase classname="tests.security.test_tenant_isolation" name="test_other_tenant_cannot_delete_integration" file="tests/security/test_tenant_isolation.py" line="51" time="0.003"><skipped type="pytest.xfail" message="BUG-004: cross-tenant integration DELETE succeeds" /></testcase><testcase classname="tests.security.test_tenant_isolation" name="test_other_tenant_cannot_get_asset" file="tests/security/test_tenant_isolation.py" line="63" time="0.003"><skipped type="pytest.xfail" message="BUG-005: cross-tenant asset GET is allowed" /></testcase><testcase classname="tests.security.test_tenant_isolation" name="test_other_tenant_cannot_patch_asset" file="tests/security/test_tenant_isolation.py" line="74" time="0.004"><skipped type="pytest.xfail" message="BUG-006: cross-tenant asset PATCH succeeds" /></testcase><testcase classname="tests.security.test_tenant_isolation" name="test_other_tenant_cannot_delete_asset" file="tests/security/test_tenant_isolation.py" line="91" time="0.004"><skipped type="pytest.xfail" message="BUG-007: cross-tenant asset DELETE succeeds" /></testcase><testcase classname="tests.security.test_tenant_isolation" name="test_asset_cannot_reference_other_tenant_integration" file="tests/security/test_tenant_isolation.py" line="104" time="0.002"><skipped type="pytest.xfail" message="BUG-008: asset may reference another tenant's integration" /></testcase><testcase classname="tests.validation.test_requests" name="test_wrong_json_property_types_are_rejected[integrations-payload0]" file="tests/validation/test_requests.py" line="8" time="0.001" /><testcase classname="tests.validation.test_requests" name="test_wrong_json_property_types_are_rejected[assets-payload1]" file="tests/validation/test_requests.py" line="8" time="0.001" /><testcase classname="tests.validation.test_requests" name="test_malformed_json_is_rejected[integrations]" file="tests/validation/test_requests.py" line="24" time="0.001" /><testcase classname="tests.validation.test_requests" name="test_malformed_json_is_rejected[assets]" file="tests/validation/test_requests.py" line="24" time="0.001" /><testcase classname="tests.validation.test_requests" name="test_assets_require_integration_id_query" file="tests/validation/test_requests.py" line="33" time="0.001" /><testcase classname="tests.validation.test_requests" name="test_valid_nonexistent_resource_ids_return_not_found" file="tests/validation/test_requests.py" line="39" time="0.001" /><testcase classname="tests.validation.test_requests" name="test_malformed_resource_ids_return_not_found" file="tests/validation/test_requests.py" line="46" time="0.001" /><testcase classname="tests.validation.test_requests" name="test_invalid_pagination_returns_contract_error" file="tests/validation/test_requests.py" line="52" time="0.002"><skipped type="pytest.xfail" message="BUG-010: invalid pagination produces non-contract error" /></testcase></testsuite></testsuites>